Input: 
(10min, 55, 75)
Normalized: 
(10min, 55, 75)
AST: 
ArrayInterval(
	BuildInterval(10min, 55%, 75%, )
)
IF (Avg): 0.6576473218982952
TSS2: 7.7
Dominant Unit: %
Pretty Print:
	* 10' build from 55% to 75%
Duration Unit: min
Duration (Sec): 600
----------------------------
Input: 
(1hr, 75)
Normalized: 
(1hr, 75)
AST: 
ArrayInterval(
	SimpleInterval(1hr, 75%, )
)
IF (Avg): 0.75
TSS2: 60
Dominant Unit: %
Pretty Print:
	* 1hr @ 75%
Duration Unit: h
Duration (Sec): 3600
----------------------------
Input: 
(1hr, 85)
Normalized: 
(1hr, 85)
AST: 
ArrayInterval(
	SimpleInterval(1hr, 85%, )
)
IF (Avg): 0.85
TSS2: 76.5
Dominant Unit: %
Pretty Print:
	* 1hr @ 85%
Duration Unit: h
Duration (Sec): 3600
----------------------------
Input: 
(1min, 85)
Normalized: 
(1min, 85)
AST: 
ArrayInterval(
	SimpleInterval(1min, 85%, )
)
IF (Avg): 0.85
TSS2: 1.3
Dominant Unit: %
Pretty Print:
	* 1' @ 85%
Duration Unit: min
Duration (Sec): 60
----------------------------
Input: 
(1min, 60, 80)
Normalized: 
(1min, 60, 80)
AST: 
ArrayInterval(
	BuildInterval(1min, 60%, 80%, )
)
IF (Avg): 0.7071067811865476
TSS2: 0.8
Dominant Unit: %
Pretty Print:
	* 1' build from 60% to 80%
Duration Unit: min
Duration (Sec): 60
----------------------------
Input: 
(1s, 50), (2s, 155w), (3s, 50%)
Normalized: 
(1sec, 50)
(2sec, 50)
(3sec, 50)
AST: 
ArrayInterval(
	SimpleInterval(1sec, 50%, )
	SimpleInterval(2sec, 155w, )
	SimpleInterval(3sec, 50%, )
)
IF (Avg): 0.5
TSS2: 0
Duration Unit: s
Duration (Sec): 6
----------------------------
Input: 
(1hr, 75), (1hr, 85)
Normalized: 
(1hr, 75)
(1hr, 85)
AST: 
ArrayInterval(
	SimpleInterval(1hr, 75%, )
	SimpleInterval(1hr, 85%, )
)
IF (Avg): 0.8015609770940698
TSS2: 128.2
Dominant Unit: %
Pretty Print:
	* 1hr @ 75%
	* 1hr @ 85%
Duration Unit: h
Duration (Sec): 7200
----------------------------
Input: 
(1min, 55, 75)
Normalized: 
(1min, 55, 75)
AST: 
ArrayInterval(
	BuildInterval(1min, 55%, 75%, )
)
IF (Avg): 0.6576473218982952
TSS2: 0.8
Dominant Unit: %
Pretty Print:
	* 1' build from 55% to 75%
Duration Unit: min
Duration (Sec): 60
----------------------------
Input: 
(10min, 85, HIM)
Normalized: 
(10min, 85, HIM)
AST: 
ArrayInterval(
	SimpleInterval(10min, 85%, HIM)
)
IF (Avg): 0.85
TSS2: 12.8
Dominant Unit: %
Pretty Print:
	* 10' HIM @ 85%
Duration Unit: min
Duration (Sec): 600
----------------------------
Input: 
(20min, 55, 75, Warm up)
Normalized: 
(20min, 55, 75, Warm up)
AST: 
ArrayInterval(
	BuildInterval(20min, 55%, 75%, Warm up)
)
IF (Avg): 0.6576473218982952
TSS2: 15.3
Dominant Unit: %
Pretty Print:
	* 20' build from 55% to 75%
Duration Unit: min
Duration (Sec): 1200
----------------------------
Input: 
4[(45s, 75, 100), (15s, 55)]
Normalized: 
4[(45sec, 75, 100), (15sec, 55)]
AST: 
ArrayInterval(
	RepeatInterval(count=4, 
		BuildInterval(45sec, 75%, 100%, )
		SimpleInterval(15sec, 55%, )
	)
)
IF (Avg): 0.8133649242498721
TSS2: 4.3
Dominant Unit: %
Pretty Print:
	* 4 x 45'' build from 75% to 100% - 15'' @ 55%
Duration Unit: s
Duration (Sec): 240
----------------------------
Input: 
3[(1min, 80, 90, 100), (30s, 50)]
Normalized: 
3[(1min, 80, 90, 100), (30sec, 50)]
AST: 
ArrayInterval(
	StepBuildInterval(
		SimpleInterval(1min, 80%, )
		SimpleInterval(1min, 90%, )
		SimpleInterval(1min, 100%, )
		SimpleInterval(30sec, 50%, )
	)
)
IF (Avg): 0.8577378887016043
TSS2: 5.1
Dominant Unit: %
Pretty Print:
	* 3 x 1' - w/ 30'' @ 50% (80%, 90%, 100%)
Duration (Sec): 270
----------------------------
Input: 
(5min, easy)
Normalized: 
(5min, easy)
AST: 
ArrayInterval(
	SimpleInterval(5min, , easy)
)
IF (Avg): 0.01
TSS2: 0
Dominant Unit: %
Pretty Print:
	* 5' easy
Duration Unit: min
Duration (Sec): 300
----------------------------
Input: 
(10min, 100, FTP, 2min)
Normalized: 
(10min, 100, FTP, 2min)
AST: 
ArrayInterval(
	SimpleInterval(10min, 100%, FTP, 2min)
)
IF (Avg): 1
TSS2: 20
Dominant Unit: %
Pretty Print:
	* 10' FTP @ 100% w/ 2' rest
Duration Unit: min
Duration (Sec): 720
----------------------------
Input: 
(1min, 55, 70rpm)
Normalized: 
(1min, 55, 70rpm)
AST: 
ArrayInterval(
	SimpleInterval(1min, 55%, 70rpm)
)
IF (Avg): 0.55
TSS2: 0.6
Dominant Unit: %
Pretty Print:
	* 1' 70rpm @ 55%
Duration Unit: min
Duration (Sec): 60
----------------------------
Input: 
(1min, 55, 2% grade)
Normalized: 
(1min, 55, 2% grade)
AST: 
ArrayInterval(
	SimpleInterval(1min, 55%, 2% grade)
)
IF (Avg): 0.55
TSS2: 0.6
Dominant Unit: %
Pretty Print:
	* 1' 2% grade @ 55%
Duration Unit: min
Duration (Sec): 60
----------------------------
Input: 
(1hr, 75), (20mi, 85)
Normalized: 
(1hr, 75)
(20mi, 85)
AST: 
ArrayInterval(
	SimpleInterval(1hr, 75%, )
	SimpleInterval(20mi, 85%, )
)
IF (Avg): 0.8015609770940698
TSS2: 128.2
Dominant Unit: %
Pretty Print:
	* 1hr @ 75%
	* 20mi @ 85%
Duration (Sec): 7200
----------------------------
Input: 
(10min, *, Free)
Normalized: 
(10min, *, Free)
AST: 
ArrayInterval(
	SimpleInterval(10min, *, Free)
)
IF (Avg): 0.5
TSS2: 4.2
Dominant Unit: free-ride
Pretty Print:
	* 10' Free
Duration Unit: min
Duration (Sec): 600
----------------------------
Input: 
(10min, 100, FTP)
Normalized: 
(10min, 100, FTP)
AST: 
ArrayInterval(
	SimpleInterval(10min, 100%, FTP)
)
IF (Avg): 1
TSS2: 16.7
Dominant Unit: %
Pretty Print:
	* 10' FTP @ 100%
Duration Unit: min
Duration (Sec): 600
----------------------------
Input: 
(10sec, *)
Normalized: 
(10sec, *)
AST: 
ArrayInterval(
	SimpleInterval(10sec, *, )
)
IF (Avg): 0.5
TSS2: 0.1
Dominant Unit: free-ride
Pretty Print:
	* 10''
Duration Unit: s
Duration (Sec): 10
----------------------------
Input: 
(10min, *, TT)
Normalized: 
(10min, *, TT)
AST: 
ArrayInterval(
	SimpleInterval(10min, *, TT)
)
IF (Avg): 0.5
TSS2: 4.2
Output Unit: w
Pretty Print:
	* 10' TT
Duration Unit: min
Duration (Sec): 600
----------------------------
Input: 
2[(1min, 85, 95), (30sec, 50)]
Normalized: 
2[(1min, 85, 95), (30sec, 50)]
AST: 
ArrayInterval(
	StepBuildInterval(
		SimpleInterval(1min, 85%, )
		SimpleInterval(1min, 95%, )
		SimpleInterval(30sec, 50%, )
	)
)
IF (Avg): 0.8366600265340756
TSS2: 3.3
Dominant Unit: %
Pretty Print:
	* 2 x 1' - w/ 30'' @ 50% (85%, 95%)
Duration (Sec): 180
----------------------------
Input: 
2[(100, 30sec, 45sec), (30sec, 50)]
Normalized: 
2[(100, 30sec, 45sec), (30sec, 50)]
AST: 
ArrayInterval(
	StepBuildInterval(
		SimpleInterval(30sec, 100%, )
		SimpleInterval(45sec, 100%, )
		SimpleInterval(30sec, 50%, )
	)
)
IF (Avg): 0.8864052604279183
TSS2: 3
Dominant Unit: %
Pretty Print:
	* 2 x 100% - w/ 30'' @ 50% (30'', 45'')
Duration Unit: s
Duration (Sec): 135
----------------------------
Input: 
(10min, 100, FTP), (5min, 55, easy)
Normalized: 
(10min, 100, FTP)
(5min, 55, easy)
AST: 
ArrayInterval(
	SimpleInterval(10min, 100%, FTP)
	SimpleInterval(5min, 55%, easy)
)
IF (Avg): 0.8760707733967615
TSS2: 19.7
Dominant Unit: %
Pretty Print:
	* 10' FTP @ 100%
	* 5' easy @ 55%
Duration Unit: min
Duration (Sec): 900
----------------------------
Input: 
4[(1min, 100, hard), (30sec, 50, easy)]
Normalized: 
4[(1min, 100, hard), (30sec, 50, easy)]
AST: 
ArrayInterval(
	RepeatInterval(count=4, 
		SimpleInterval(1min, 100%, hard)
		SimpleInterval(30sec, 50%, easy)
	)
)
IF (Avg): 0.8660254037844386
TSS2: 7.8
Dominant Unit: %
Pretty Print:
	* 4 x 1' hard @ 100% - 30'' @ 50%
Duration (Sec): 360
----------------------------
Input: 
(155w, 310w, 1min, build to ftp)
Normalized: 
(1min, 50, 100, build to ftp)
AST: 
ArrayInterval(
	BuildInterval(1min, 155w, 310w, build to ftp)
)
IF (Avg): 0.7905694150420949
TSS2: 1.1
Dominant Unit: w
Pretty Print:
	* 1' build from 155w to 310w
Duration Unit: min
Duration (Sec): 60
----------------------------
Input: 
(10min)
Normalized: 
(10min)
AST: 
ArrayInterval(
	SimpleInterval(10min, , )
)
IF (Avg): 0.01
TSS2: 0
Dominant Unit: %
Pretty Print:
	* 10' easy
Duration Unit: min
Duration (Sec): 600
----------------------------
Input: 
(10min, easy)
Normalized: 
(10min, easy)
AST: 
ArrayInterval(
	SimpleInterval(10min, , easy)
)
IF (Avg): 0.01
TSS2: 0
Dominant Unit: %
Pretty Print:
	* 10' easy
Duration Unit: min
Duration (Sec): 600
----------------------------
Input: 
(10s, *, free ride)
Normalized: 
(10sec, *, free ride)
AST: 
ArrayInterval(
	SimpleInterval(10sec, *, free ride)
)
IF (Avg): 0.5
TSS2: 0.1
Dominant Unit: free-ride
Pretty Print:
	* 10'' free ride
Duration Unit: s
Duration (Sec): 10
----------------------------
Input: 
1[(1hr, 85)]
Normalized: 
1[(1hr, 85)]
AST: 
ArrayInterval(
	RepeatInterval(count=1, 
		SimpleInterval(1hr, 85%, )
	)
)
IF (Avg): 0.85
TSS2: 76.5
Dominant Unit: %
Pretty Print:
	* 1 x 1hr @ 85%
Duration Unit: h
Duration (Sec): 3600
----------------------------
Input: 
2[(1hr, 85)]
Normalized: 
2[(1hr, 85)]
AST: 
ArrayInterval(
	RepeatInterval(count=2, 
		SimpleInterval(1hr, 85%, )
	)
)
IF (Avg): 0.85
TSS2: 153
Dominant Unit: %
Pretty Print:
	* 2 x 1hr @ 85%
Duration Unit: h
Duration (Sec): 7200
----------------------------
Input: 
(1hr, 75) 2[(1hr, 85)]
Normalized: 
(1hr, 75)
2[(1hr, 85)]
AST: 
ArrayInterval(
	SimpleInterval(1hr, 75%, )
	RepeatInterval(count=2, 
		SimpleInterval(1hr, 85%, )
	)
)
IF (Avg): 0.8180260794538684
TSS2: 196.3
Dominant Unit: %
Pretty Print:
	* 1hr @ 75%
	* 2 x 1hr @ 85%
Duration Unit: h
Duration (Sec): 10800
----------------------------
Input: 
(1hr, 86)
Normalized: 
(1hr, 86)
AST: 
ArrayInterval(
	SimpleInterval(1hr, 86%, )
)
IF (Avg): 0.86
TSS2: 77.4
Dominant Unit: %
Pretty Print:
	* 1hr @ 86%
Duration Unit: h
Duration (Sec): 3600
----------------------------
Input: 
(30min, 60), (30min, 100)
Normalized: 
(30min, 60)
(30min, 100)
AST: 
ArrayInterval(
	SimpleInterval(30min, 60%, )
	SimpleInterval(30min, 100%, )
)
IF (Avg): 0.8246211251235321
TSS2: 74.2
Dominant Unit: %
Pretty Print:
	* 30' @ 60%
	* 30' @ 100%
Duration Unit: min
Duration (Sec): 3600
----------------------------
Input: 
4[(45s, 75, 100), (15s, 55)]
Normalized: 
4[(45sec, 75, 100), (15sec, 55)]
AST: 
ArrayInterval(
	RepeatInterval(count=4, 
		BuildInterval(45sec, 75%, 100%, )
		SimpleInterval(15sec, 55%, )
	)
)
IF (Avg): 0.8133649242498721
TSS2: 4.3
Dominant Unit: %
Pretty Print:
	* 4 x 45'' build from 75% to 100% - 15'' @ 55%
Duration Unit: s
Duration (Sec): 240
----------------------------
Input: 
3[(2min, 1min, 1min, 75), (1min, 55)]
Normalized: 
3[(75, 2min, 1min, 1min), (1min, 55)]
AST: 
ArrayInterval(
	StepBuildInterval(
		SimpleInterval(2min, 75%, )
		SimpleInterval(1min, 75%, )
		SimpleInterval(1min, 75%, )
		SimpleInterval(1min, 55%, )
	)
)
IF (Avg): 0.71449282711585
TSS2: 5.8
Dominant Unit: %
Pretty Print:
	* 3 x 75% - w/ 1' @ 55% (2', 1', 1')
Duration Unit: min
Duration (Sec): 420
----------------------------
Input: 
3[(1min, 80, 90, 100), (30s, 50)]
Normalized: 
3[(1min, 80, 90, 100), (30sec, 50)]
AST: 
ArrayInterval(
	StepBuildInterval(
		SimpleInterval(1min, 80%, )
		SimpleInterval(1min, 90%, )
		SimpleInterval(1min, 100%, )
		SimpleInterval(30sec, 50%, )
	)
)
IF (Avg): 0.8577378887016043
TSS2: 5.1
Dominant Unit: %
Pretty Print:
	* 3 x 1' - w/ 30'' @ 50% (80%, 90%, 100%)
Duration (Sec): 270
----------------------------
Input: 
(1:30min, 55)
Normalized: 
(1:30min, 55)
AST: 
ArrayInterval(
	SimpleInterval(1:30min, 55%, )
)
IF (Avg): 0.55
TSS2: 0.8
Dominant Unit: %
Pretty Print:
	* 1'30'' @ 55%
Duration Unit: min
Duration (Sec): 90
----------------------------
Input: 
(10min, 45, single leg)
Normalized: 
(10min, 45, single leg)
AST: 
ArrayInterval(
	SimpleInterval(10min, 45%, single leg)
)
IF (Avg): 0.45
TSS2: 3.8
Output Unit: w
Pretty Print:
	* 10' single leg @ 140w
Duration Unit: min
Duration (Sec): 600
----------------------------
Input: 
(10min, 65)
Normalized: 
(10min, 65)
AST: 
ArrayInterval(
	SimpleInterval(10min, 65%, )
)
IF (Avg): 0.65
TSS2: 7.6
Output Unit: w
Pretty Print:
	* 10' @ 202w
Duration Unit: min
Duration (Sec): 600
----------------------------
Input: 
(10min, 65)
Normalized: 
(10min, 65)
AST: 
ArrayInterval(
	SimpleInterval(10min, 65%, )
)
IF (Avg): 0.65
TSS2: 7.6
Dominant Unit: %
Pretty Print:
	* 10' @ 65%
Duration Unit: min
Duration (Sec): 600
----------------------------
Input: 
(10min, 75, LC)
Normalized: 
(10min, 75, LC)
AST: 
ArrayInterval(
	SimpleInterval(10min, 75%, LC)
)
IF (Avg): 0.75
TSS2: 10
Output Unit: w
Pretty Print:
	* 10' LC @ 233w
Duration Unit: min
Duration (Sec): 600
----------------------------
Input: 
(75, 100, 10min)
Normalized: 
(10min, 75, 100)
AST: 
ArrayInterval(
	BuildInterval(10min, 75%, 100%, )
)
IF (Avg): 0.8838834764831844
TSS2: 13.3
Output Unit: w
Pretty Print:
	* 10' build from 233w to 310w
Duration Unit: min
Duration (Sec): 600
----------------------------
Input: 
(100, 75, 10min)
Normalized: 
(10min, 100, 75)
AST: 
ArrayInterval(
	BuildInterval(10min, 100%, 75%, )
)
IF (Avg): 0.8838834764831844
TSS2: 13.3
Output Unit: w
Pretty Print:
	* 10' warm down from 310w to 233w
Duration Unit: min
Duration (Sec): 600
----------------------------
Input: 
(55, 75, 10min)
Normalized: 
(10min, 55, 75)
AST: 
ArrayInterval(
	BuildInterval(10min, 55%, 75%, )
)
IF (Avg): 0.6576473218982952
TSS2: 7.7
Dominant Unit: %
Pretty Print:
	* 10' build from 55% to 75%
Duration Unit: min
Duration (Sec): 600
----------------------------
Input: 
(10min, 55)
Normalized: 
(10min, 55)
AST: 
ArrayInterval(
	SimpleInterval(10min, 55%, )
)
IF (Avg): 0.55
TSS2: 5.5
Output Unit: w
Pretty Print:
	* 10' @ 171w
Duration Unit: min
Duration (Sec): 600
----------------------------
Input: 
2[(5min, 75), (2min, 100)]
Normalized: 
2[(5min, 75), (2min, 100)]
AST: 
ArrayInterval(
	RepeatInterval(count=2, 
		SimpleInterval(5min, 75%, )
		SimpleInterval(2min, 100%, )
	)
)
IF (Avg): 0.82915619758885
TSS2: 15.5
Output Unit: w
Pretty Print:
	* 2 x (5' @ 233w - 2' @ 310w)
Duration Unit: min
Duration (Sec): 840
----------------------------
Input: 
2[(5min, 75), (1min, 55)]
Normalized: 
2[(5min, 75), (1min, 55)]
AST: 
ArrayInterval(
	RepeatInterval(count=2, 
		SimpleInterval(5min, 75%, )
		SimpleInterval(1min, 55%, )
	)
)
IF (Avg): 0.7205322107072429
TSS2: 10.1
Output Unit: w
Pretty Print:
	* 2 x 5' @ 233w - 1' @ 171w
Duration Unit: min
Duration (Sec): 720
----------------------------
Input: 
2[(5min, 75), (2min, 100), (1min, 55)]
Normalized: 
2[(5min, 75), (2min, 100), (1min, 55)]
AST: 
ArrayInterval(
	RepeatInterval(count=2, 
		SimpleInterval(5min, 75%, )
		SimpleInterval(2min, 100%, )
		SimpleInterval(1min, 55%, )
	)
)
IF (Avg): 0.7996092795859737
TSS2: 17.1
Output Unit: w
Pretty Print:
	* 2 x (5' @ 233w, 2' @ 310w) - w/ 1' @ 171w
Duration Unit: min
Duration (Sec): 960
----------------------------
Input: 
2[(5min, 75), (2min, 100), (1min, 65)]
Normalized: 
2[(5min, 75), (2min, 100), (1min, 65)]
AST: 
ArrayInterval(
	RepeatInterval(count=2, 
		SimpleInterval(5min, 75%, )
		SimpleInterval(2min, 100%, )
		SimpleInterval(1min, 65%, )
	)
)
IF (Avg): 0.8089344843681718
TSS2: 17.3
Output Unit: w
Pretty Print:
	* 2 x (5' @ 233w, 2' @ 310w) - w/ 1' @ 202w
Duration Unit: min
Duration (Sec): 960
----------------------------
Input: 
2[(5min, 60), (1min, 55)]
Normalized: 
2[(5min, 60), (1min, 55)]
AST: 
ArrayInterval(
	RepeatInterval(count=2, 
		SimpleInterval(5min, 60%, )
		SimpleInterval(1min, 55%, )
	)
)
IF (Avg): 0.5919600211726014
TSS2: 7.1
Output Unit: w
Pretty Print:
	* 2 x 5' @ 186w - 1' @ 171w
Duration Unit: min
Duration (Sec): 720
----------------------------
Input: 
2[(75, 85, 2min), (1min, 55)]
Normalized: 
2[(2min, 75, 85), (1min, 55)]
AST: 
ArrayInterval(
	StepBuildInterval(
		SimpleInterval(2min, 75%, )
		SimpleInterval(2min, 85%, )
		SimpleInterval(1min, 55%, )
	)
)
IF (Avg): 0.757957782465488
TSS2: 6.1
Output Unit: w
Pretty Print:
	* 2 x 2' - w/ 1' @ 171w (233w, 264w)
Duration Unit: min
Duration (Sec): 360
----------------------------
Input: 
2[(75, 1min, 3min), (1min, 55)]
Normalized: 
2[(75, 1min, 3min), (1min, 55)]
AST: 
ArrayInterval(
	StepBuildInterval(
		SimpleInterval(1min, 75%, )
		SimpleInterval(3min, 75%, )
		SimpleInterval(1min, 55%, )
	)
)
IF (Avg): 0.71449282711585
TSS2: 5
Output Unit: w
Pretty Print:
	* 2 x 233w - w/ 1' @ 171w (1', 3')
Duration Unit: min
Duration (Sec): 360
----------------------------
Input: 
"Do this in a flat terrain"
Normalized: 
"Do this in a flat terrain"
AST: 
ArrayInterval(
	Comment(Do this in a flat terrain)
)
IF (Avg): 0
TSS2: 0
Output Unit: w
Pretty Print:
	* Do this in a flat terrain
Duration (Sec): 0
----------------------------
Input: 
"Do this in a flat terrain", (10min, 55)
Normalized: 
"Do this in a flat terrain"
(10min, 55)
AST: 
ArrayInterval(
	Comment(Do this in a flat terrain)
	SimpleInterval(10min, 55%, )
)
IF (Avg): 0.55
TSS2: 5.5
Output Unit: w
Pretty Print:
	* Do this in a flat terrain
	* 10' @ 171w
Duration Unit: min
Duration (Sec): 600
----------------------------
Input: 
"Do this in a flat terrain",(10min, 55)
Normalized: 
"Do this in a flat terrain"
(10min, 55)
AST: 
ArrayInterval(
	Comment(Do this in a flat terrain)
	SimpleInterval(10min, 55%, )
)
IF (Avg): 0.55
TSS2: 5.5
Output Unit: w
Pretty Print:
	* Do this in a flat terrain
	* 10' @ 171w
Duration Unit: min
Duration (Sec): 600
----------------------------
Input: 
(10min, 55), "Do this in a flat terrain"
Normalized: 
(10min, 55)
"Do this in a flat terrain"
AST: 
ArrayInterval(
	SimpleInterval(10min, 55%, )
	Comment(Do this in a flat terrain)
)
IF (Avg): 0.55
TSS2: 5.5
Output Unit: w
Pretty Print:
	* 10' @ 171w
	* Do this in a flat terrain
Duration Unit: min
Duration (Sec): 600
----------------------------
